// Jest Snapshot v1, https://goo.gl/fbAQLP

exports[`#createSiteEntity should convert to entity 1`] = `
Object {
  "_class": Array [
    "Site",
  ],
  "_key": "site_id",
  "_rawData": Array [
    Object {
      "name": "default",
      "rawData": Object {
        "asset_address_count": 0,
        "asset_address_extra_count": 0,
        "asset_count": 0,
        "client_id": "client_id",
        "created_at": 1644331146,
        "deactivated_at": 0,
        "description": "",
        "excludes": "",
        "id": "site_id",
        "inactive": false,
        "last_task_at": 0,
        "last_task_by": "",
        "last_task_duration": 0,
        "last_task_id": "task_id",
        "live_asset_count": 0,
        "name": "test_site",
        "organization_id": "organization_id",
        "recent_asset_count": 0,
        "scope": "",
        "service_count": 0,
        "service_count_arp": 0,
        "service_count_icmp": 0,
        "service_count_tcp": 0,
        "service_count_udp": 0,
        "software_count": 0,
        "subnets": Object {},
        "updated_at": 1645561808,
        "vulnerability_count": 0,
      },
    },
  ],
  "_type": "runzero_site",
  "assetAddressCount": 0,
  "assetAddressExtraCount": 0,
  "assetCount": 0,
  "clientId": "client_id",
  "createdAt": 1644331146,
  "createdOn": undefined,
  "deactivatedAt": undefined,
  "description": "",
  "displayName": "test_site",
  "excludes": "",
  "id": "site_id",
  "inactive": false,
  "lastTaskAt": undefined,
  "lastTaskBy": "",
  "lastTaskDuration": 0,
  "lastTaskId": "task_id",
  "liveAssetCount": 0,
  "name": "test_site",
  "organizationId": "organization_id",
  "recentAssetCount": 0,
  "scope": "",
  "serviceCount": 0,
  "serviceCountARP": 0,
  "serviceCountICMP": 0,
  "serviceCountTCP": 0,
  "serviceCountUDP": 0,
  "softwareCount": 0,
  "updatedAt": 1645561808,
  "vulnerabilityCount": 0,
}
`;
