// Jest Snapshot v1, https://goo.gl/fbAQLP

exports[`#createOrganizationEntity should convert to entity 1`] = `
Object {
  "_class": Array [
    "Organization",
  ],
  "_key": "organization_id",
  "_rawData": Array [
    Object {
      "name": "default",
      "rawData": Object {
        "asset_count": 1000,
        "client_id": "client_id",
        "created_at": 10000,
        "created_by": "test_user",
        "deactivated_at": 0,
        "demo": false,
        "description": "test_organization",
        "download_token": undefined,
        "download_token_created_at": 10000,
        "expiration_assets_offline": 10,
        "expiration_assets_stale": 20,
        "expiration_scans": 20,
        "expiration_warning_last_sent": 20,
        "export_token": undefined,
        "export_token_counter": 200,
        "export_token_created_at": 10000,
        "export_token_last_used_at": 20000,
        "export_token_last_used_by": "test_user",
        "id": "organization_id",
        "inactive": false,
        "live_asset_count": 0,
        "name": "test_org",
        "parent_id": "test_parent_id",
        "project": false,
        "recent_asset_count": 0,
        "service_count": 100,
        "service_count_arp": 25,
        "service_count_icmp": 25,
        "service_count_tcp": 25,
        "service_count_udp": 25,
        "software_count": 0,
        "updated_at": 20000,
        "vulnerability_count": 0,
      },
    },
  ],
  "_type": "rumble_organization",
  "assetCount": 1000,
  "clientId": "client_id",
  "createdAt": 10000,
  "createdBy": "test_user",
  "createdOn": undefined,
  "deactivatedAt": undefined,
  "demo": false,
  "description": "test_organization",
  "displayName": "test_org",
  "downloadTokenCreatedAt": 10000,
  "expirationAssetsOffline": 10,
  "expirationAssetsStale": 20,
  "expirationScans": 20,
  "expirationWarningLastSent": 20,
  "exportTokenCounter": 200,
  "exportTokenCreatedAt": 10000,
  "exportTokenLastUsedAt": 20000,
  "exportTokenLastUsedBy": "test_user",
  "id": "organization_id",
  "inactive": false,
  "liveAssetCount": 0,
  "name": "test_org",
  "parentId": "test_parent_id",
  "project": false,
  "recentAssetCount": 0,
  "serviceCount": 100,
  "serviceCountARP": 25,
  "serviceCountICMP": 25,
  "serviceCountTCP": 25,
  "serviceCountUDP": 25,
  "softwareCount": 0,
  "updatedAt": 20000,
  "vulnerabilityCount": 0,
}
`;
