// Jest Snapshot v1, https://goo.gl/fbAQLP

exports[`#createAssetEntity should convert to entity 1`] = `
Object {
  "_class": Array [
    "Device",
  ],
  "_key": "40fa9e9a-e798-44e4-a521-d06a7782ed14",
  "_rawData": Array [
    Object {
      "name": "default",
      "rawData": Object {
        "addresses": Array [
          "192.168.0.1",
        ],
        "addresses_extra": Array [],
        "agent_external_ip": null,
        "agent_name": null,
        "alive": true,
        "attributes": Object {
          "@rumble.scan._links.ports.connected": "10:da:43:d7:59:14-192.168.0.31-1/0/12",
          "@rumble.scan._macs.ipmap": "a0:36:9f:50:77:d8=192.168.0.1",
          "@rumble.scan.fp.certainty": "0.85",
          "@rumble.scan.match.db": "dns-versionbind",
          "@rumble.scan.match.score": "00",
          "@rumble.scan.match.score.hw": "00",
          "@rumble.scan.match.score.os": "85",
          "@rumble.scan.os.cpe23": "cpe:/o:canonical:ubuntu_linux:-",
          "@rumble.scan.os.family": "Linux",
          "@rumble.scan.os.product": "Linux",
          "@rumble.scan.os.vendor": "Ubuntu",
          "@rumble.scan.service.cpe23": "cpe:/a:isc:bind:9.11.3",
          "@rumble.scan.service.family": "BIND",
          "@rumble.scan.service.product": "BIND",
          "@rumble.scan.service.vendor": "ISC",
          "@rumble.scan.service.version": "9.11.3",
          "@rumble.scan.switch.ip": "192.168.0.31",
          "@rumble.scan.switch.name": "M4300-OFFICE",
          "@rumble.scan.switch.port": "192.168.0.31-1/0/12",
          "@rumble.scan.vlan": "1",
          "_links.ports.connected": "10:da:43:d7:59:14-192.168.0.31-1/0/12",
          "_macs.ipmap": "a0:36:9f:50:77:d8=192.168.0.1",
          "fp.certainty": "0.85",
          "match.db": "dns-versionbind",
          "match.score": "00",
          "match.score.hw": "00",
          "match.score.os": "85",
          "os.cpe23": "cpe:/o:canonical:ubuntu_linux:-",
          "os.family": "Linux",
          "os.product": "Linux",
          "os.vendor": "Ubuntu",
          "service.cpe23": "cpe:/a:isc:bind:9.11.3",
          "service.family": "BIND",
          "service.product": "BIND",
          "service.vendor": "ISC",
          "service.version": "9.11.3",
          "switch.ip": "192.168.0.31",
          "switch.name": "M4300-OFFICE",
          "switch.port": "192.168.0.31-1/0/12",
          "vlan": "1",
        },
        "created_at": 1642795487,
        "credentials": Object {},
        "detected_by": "arp",
        "domains": Array [],
        "eol_os": 0,
        "eol_os_ext": 0,
        "first_seen": 1583271138,
        "foreign_attributes": Object {},
        "hosted_zone_name": null,
        "hw": "",
        "hw_product": "",
        "hw_vendor": "",
        "hw_version": "",
        "id": "40fa9e9a-e798-44e4-a521-d06a7782ed14",
        "last_agent_id": "00000000-0000-0000-0000-000000000000",
        "last_seen": 1583271232,
        "last_task_id": "374cc0f8-ca77-40d8-96c8-b53d563e7880",
        "lowest_rtt": 78781,
        "lowest_ttl": 0,
        "mac_vendors": Array [
          "Intel Corporate",
        ],
        "macs": Array [
          "a0:36:9f:50:77:d8",
        ],
        "names": Array [
          "ROUTER",
        ],
        "newest_mac": "a0:36:9f:50:77:d8",
        "newest_mac_age": 1304035200000000000,
        "newest_mac_vendor": "Intel Corporate",
        "org_name": "Demo Organization",
        "organization_id": "463fed64-54bf-4369-b4b4-86a039773470",
        "os": "Ubuntu Linux",
        "os_product": "Linux",
        "os_vendor": "Ubuntu",
        "os_version": "",
        "outlier_raw": 0,
        "outlier_score": 0,
        "rtts": Object {
          "icmp/echo": Array [
            "78781",
            "104457",
          ],
          "udp/dns": Array [
            "93812355",
            "158454077",
          ],
        },
        "scanned": true,
        "service_count": 4,
        "service_count_arp": 1,
        "service_count_icmp": 1,
        "service_count_tcp": 0,
        "service_count_udp": 2,
        "service_ports_tcp": Array [],
        "service_ports_udp": Array [
          "53",
          "5353",
        ],
        "service_products": Array [
          "isc bind",
        ],
        "service_protocols": Array [
          "dns",
          "mdns",
        ],
        "services": Object {
          "192.168.0.1/0/arp/": Object {
            "mac": "a0:36:9f:50:77:d8",
            "macDateAdded": "2011-04-29",
            "macVendor": "Intel Corporate",
            "service.address": "192.168.0.1",
            "service.id": "40fa9e9a-e798-44e4-a521-d06a7782ed14",
            "service.port": "0",
            "service.transport": "arp",
            "source": "arp	snmp.arpcache.192.168.0.19	snmp.arpcache.192.168.0.30	snmp.arpcache.192.168.0.31	snmp.arpcache.192.168.0.32",
            "ts": "1583271232",
          },
          "192.168.0.1/0/icmp/": Object {
            "addrs": "192.168.0.1",
            "rtts": "104457	78781",
            "service.address": "192.168.0.1",
            "service.id": "40fa9e9a-e798-44e4-a521-d06a7782ed14",
            "service.port": "0",
            "service.transport": "icmp",
            "ts": "1583271150",
          },
          "192.168.0.1/53/udp/": Object {
            "addrs": "192.168.0.1",
            "fp.certainty": "0.85",
            "hostname.bind": "router",
            "os.cpe23": "cpe:/o:canonical:ubuntu_linux:-",
            "os.family": "Linux",
            "os.product": "Linux",
            "os.vendor": "Ubuntu",
            "product": "ISC:BIND:9.11.3",
            "protocol": "dns",
            "replies": "www.google.com=A,172.217.1.132",
            "resolvers": "172.253.212.13",
            "rtts": "158454077	93812355",
            "service.address": "192.168.0.1",
            "service.cpe23": "cpe:/a:isc:bind:9.11.3",
            "service.family": "BIND",
            "service.id": "40fa9e9a-e798-44e4-a521-d06a7782ed14",
            "service.port": "53",
            "service.transport": "udp",
            "subnets": "1.2.3.0/24-f=1-c=0-s=0",
            "ts": "1583271194",
            "version.bind": "9.11.3-1ubuntu1.11-Ubuntu",
          },
          "192.168.0.1/5353/udp/": Object {
            "protocol": "mdns",
            "replies": "1.0.168.192.in-addr.arpa.=PTR,router.local.",
            "service.address": "192.168.0.1",
            "service.id": "40fa9e9a-e798-44e4-a521-d06a7782ed14",
            "service.port": "5353",
            "service.transport": "udp",
            "ts": "1583271140",
          },
        },
        "site_id": "c9f0bc41-afdb-4053-945a-2a5333d1565a",
        "site_name": "Corporate",
        "software_count": 0,
        "source_ids": Array [
          1,
        ],
        "sources": Array [
          "rumble",
        ],
        "subnets": Object {},
        "type": "Server",
        "updated_at": 1642795487,
        "vulnerability_count": 0,
      },
    },
  ],
  "_type": "rumble_asset",
  "alive": true,
  "category": "Server",
  "createdAt": 1642795487,
  "createdOn": undefined,
  "detectedBy": "arp",
  "deviceId": null,
  "displayName": "ROUTER",
  "firstSeen": 1583271138,
  "hardware": "",
  "hardwareModel": "",
  "hardwareVendor": "",
  "hardwareVersion": "",
  "id": "40fa9e9a-e798-44e4-a521-d06a7782ed14",
  "lastAgentId": "00000000-0000-0000-0000-000000000000",
  "lastSeen": 1583271232,
  "lastSeenOn": 1583271232,
  "lastTaskId": "374cc0f8-ca77-40d8-96c8-b53d563e7880",
  "macAddress": Array [
    "a0:36:9f:50:77:d8",
  ],
  "macAddresses": Array [
    "a0:36:9f:50:77:d8",
  ],
  "make": "",
  "model": "",
  "name": "ROUTER",
  "newestMacAddress": "a0:36:9f:50:77:d8",
  "newestMacVendor": "Intel Corporate",
  "orgName": "Demo Organization",
  "osDetails": "Ubuntu Linux",
  "osName": "Linux",
  "osVendor": "Ubuntu",
  "osVersion": "",
  "scanned": true,
  "serial": null,
  "serviceCount": 4,
  "siteName": "Corporate",
  "softwareCount": 0,
  "type": "Server",
  "updatedAt": 1642795487,
  "version": "",
  "vulnerabilityCount": 0,
}
`;
